2025-05-05 18:12:47,021 [INFO] Starting WebSocket stability test for 20s
2025-05-05 18:12:47,021 [INFO] Test session ID: 9e5e95b5-2ae
2025-05-05 18:12:47,021 [INFO] Target URL: ws://localhost:5000/ws/voice/media
2025-05-05 18:12:47,021 [INFO] Connecting to ws://localhost:5000/ws/voice/media...
2025-05-05 18:12:47,037 [INFO] ✅ Connected successfully
2025-05-05 18:12:47,038 [INFO] Sending Twilio start message with call SID: CA9e5e95b5-2ae...
2025-05-05 18:12:47,038 [INFO] ✅ Twilio start message sent
2025-05-05 18:12:47,050 [INFO] Connection closed normally
2025-05-05 18:12:47,050 [INFO] Connection duration: 0.01s
2025-05-05 18:12:47,050 [INFO] 
=== FINAL REPORT ===
2025-05-05 18:12:47,050 [INFO] Test completed at:    2025-05-05T18:12:47.050733
2025-05-05 18:12:47,050 [INFO] Total test duration:  0.01s
2025-05-05 18:12:47,050 [INFO] Connection success:   Yes
2025-05-05 18:12:47,050 [INFO] Connection duration:  0.01s
2025-05-05 18:12:47,050 [INFO] Messages received:    0
2025-05-05 18:12:47,050 [INFO] Messages sent:        1
2025-05-05 18:12:47,050 [INFO] Keep-alives sent:     0
2025-05-05 18:12:47,050 [INFO] Greeting detected:    No
2025-05-05 18:12:47,050 [INFO] Disconnection reason: Normal closure
2025-05-05 18:12:47,050 [INFO] 
❌ TEST FAILED: Connection did not remain stable after greeting
